// Jest Snapshot v1, https://goo.gl/fbAQLP

exports[`Opening Hours  should match the opening hours snapshot 1`] = `
<Text
  style={
    Object {
      "color": "#202125",
    }
  }
  testID="error"
>
  Something went wrong
</Text>
`;
