// Jest Snapshot v1, https://goo.gl/fbAQLP

exports[`Opening Hours  should match the opening hours snapshot 1`] = `
<View
  style={
    Object {
      "backgroundColor": "#FFFFFF",
      "borderRadius": 10,
      "margin": 10,
      "padding": 30,
      "shadowColor": "#A1A2A4",
      "shadowOffset": Object {
        "height": 2,
        "width": 0,
      },
      "shadowOpacity": 1,
      "shadowRadius": 2,
    }
  }
>
  <View
    style={
      Object {
        "alignItems": "flex-start",
        "flexDirection": "column",
        "marginBottom": 10,
      }
    }
  >
    <View
      style={
        Object {
          "flexDirection": "row",
        }
      }
    >
      <View
        style={
          Object {
            "justifyContent": "center",
            "marginRight": 10,
          }
        }
      >
        <Text
          allowFontScaling={false}
          selectable={false}
          style={
            Array [
              Object {
                "color": "#A1A2A4",
                "fontSize": 18,
              },
              undefined,
              Object {
                "fontFamily": "FontAwesome5Free-Regular",
                "fontStyle": "normal",
                "fontWeight": "normal",
              },
              Object {
                "fontWeight": "400",
              },
            ]
          }
        >
          ï€—
        </Text>
      </View>
      <Text
        style={
          Object {
            "color": "#202125",
            "fontFamily": "Roboto-Bold",
            "fontSize": 24,
          }
        }
        testID="title"
      >
        Opening hours
      </Text>
    </View>
    <View
      style={
        Object {
          "backgroundColor": "#202125",
          "height": 1,
          "marginTop": 10,
          "width": "100%",
        }
      }
    />
  </View>
  <ActivityIndicator
    animating={true}
    color="#A1A2A4"
    size="large"
    style={
      Object {
        "left": "50%",
        "position": "absolute",
        "top": "50%",
      }
    }
    testID="loader"
  />
</View>
`;
