// Jest Snapshot v1, https://goo.gl/fbAQLP

exports[`Schedule  should match the schedule snapshot 1`] = `
<RCTScrollView
  ItemSeparatorComponent={[Function]}
  ListFooterComponent={[Function]}
  data={
    Array [
      "monday",
      "tuesday",
      "wednesday",
      "thursday",
      "friday",
      "saturday",
      "sunday",
    ]
  }
  getItem={[Function]}
  getItemCount={[Function]}
  keyExtractor={[Function]}
  onContentSizeChange={[Function]}
  onLayout={[Function]}
  onMomentumScrollBegin={[Function]}
  onMomentumScrollEnd={[Function]}
  onScroll={[Function]}
  onScrollBeginDrag={[Function]}
  onScrollEndDrag={[Function]}
  removeClippedSubviews={false}
  renderItem={[Function]}
  scrollEventThrottle={50}
  stickyHeaderIndices={Array []}
  testID="schedule"
  viewabilityConfigCallbackPairs={Array []}
>
  <View>
    <View
      onLayout={[Function]}
      style={null}
    >
      <View
        style={
          Object {
            "flexDirection": "row",
            "paddingVertical": 10,
          }
        }
        testID="scheduleRow"
      >
        <View
          style={
            Object {
              "alignItems": "center",
              "flex": 2,
              "flexDirection": "row",
            }
          }
        >
          <Text
            style={
              Object {
                "fontFamily": "Roboto-Medium",
                "fontSize": 12,
                "textAlign": "center",
              }
            }
          >
            Monday
          </Text>
        </View>
        <View
          style={
            Object {
              "alignItems": "flex-end",
              "flex": 3,
              "flexDirection": "row",
              "justifyContent": "flex-end",
            }
          }
          testID="openHoursList"
        >
          <View>
            <Text
              adjustsFontSizeToFit={true}
              style={
                Object {
                  "fontFamily": "Roboto-Regular",
                  "fontSize": 12,
                }
              }
              testID="hoursListText"
            >
              10 AM - 1 PM,3 PM - 11 PM
            </Text>
          </View>
        </View>
      </View>
      <View
        style={
          Object {
            "backgroundColor": "#EEEEEE",
            "height": 1,
            "width": "100%",
          }
        }
      />
    </View>
    <View
      onLayout={[Function]}
      style={null}
    >
      <View
        style={
          Object {
            "flexDirection": "row",
            "paddingVertical": 10,
          }
        }
        testID="scheduleRow"
      >
        <View
          style={
            Object {
              "alignItems": "center",
              "flex": 2,
              "flexDirection": "row",
            }
          }
        >
          <Text
            style={
              Object {
                "fontFamily": "Roboto-Medium",
                "fontSize": 12,
                "textAlign": "center",
              }
            }
          >
            Tuesday
          </Text>
        </View>
        <View
          style={
            Object {
              "alignItems": "flex-end",
              "flex": 3,
              "flexDirection": "row",
              "justifyContent": "flex-end",
            }
          }
          testID="openHoursList"
        >
          <View>
            <Text
              adjustsFontSizeToFit={true}
              style={
                Object {
                  "fontFamily": "Roboto-Regular",
                  "fontSize": 12,
                }
              }
              testID="hoursListText"
            >
              3 PM - 11 PM
            </Text>
          </View>
        </View>
      </View>
      <View
        style={
          Object {
            "backgroundColor": "#EEEEEE",
            "height": 1,
            "width": "100%",
          }
        }
      />
    </View>
    <View
      onLayout={[Function]}
      style={null}
    >
      <View
        style={
          Object {
            "flexDirection": "row",
            "paddingVertical": 10,
          }
        }
        testID="scheduleRow"
      >
        <View
          style={
            Object {
              "alignItems": "center",
              "flex": 2,
              "flexDirection": "row",
            }
          }
        >
          <Text
            style={
              Object {
                "fontFamily": "Roboto-Medium",
                "fontSize": 12,
                "textAlign": "center",
              }
            }
          >
            Wednesday
          </Text>
        </View>
        <View
          style={
            Object {
              "alignItems": "flex-end",
              "flex": 3,
              "flexDirection": "row",
              "justifyContent": "flex-end",
            }
          }
          testID="openHoursList"
        >
          <View>
            <Text
              adjustsFontSizeToFit={true}
              style={
                Object {
                  "fontFamily": "Roboto-Regular",
                  "fontSize": 12,
                }
              }
              testID="hoursListText"
            >
              10 AM - 1 PM,3 PM - 11 PM
            </Text>
          </View>
        </View>
      </View>
      <View
        style={
          Object {
            "backgroundColor": "#EEEEEE",
            "height": 1,
            "width": "100%",
          }
        }
      />
    </View>
    <View
      onLayout={[Function]}
      style={null}
    >
      <View
        style={
          Object {
            "flexDirection": "row",
            "paddingVertical": 10,
          }
        }
        testID="scheduleRow"
      >
        <View
          style={
            Object {
              "alignItems": "center",
              "flex": 2,
              "flexDirection": "row",
            }
          }
        >
          <Text
            style={
              Object {
                "fontFamily": "Roboto-Medium",
                "fontSize": 12,
                "textAlign": "center",
              }
            }
          >
            Thursday
          </Text>
        </View>
        <View
          style={
            Object {
              "alignItems": "flex-end",
              "flex": 3,
              "flexDirection": "row",
              "justifyContent": "flex-end",
            }
          }
          testID="openHoursList"
        >
          <View>
            <Text
              adjustsFontSizeToFit={true}
              style={
                Object {
                  "fontFamily": "Roboto-Regular",
                  "fontSize": 12,
                }
              }
              testID="hoursListText"
            >
              10 AM - 1 PM,3 PM - 11 PM
            </Text>
          </View>
        </View>
      </View>
      <View
        style={
          Object {
            "backgroundColor": "#EEEEEE",
            "height": 1,
            "width": "100%",
          }
        }
      />
    </View>
    <View
      onLayout={[Function]}
      style={null}
    >
      <View
        style={
          Object {
            "flexDirection": "row",
            "paddingVertical": 10,
          }
        }
        testID="scheduleRow"
      >
        <View
          style={
            Object {
              "alignItems": "center",
              "flex": 2,
              "flexDirection": "row",
            }
          }
        >
          <Text
            style={
              Object {
                "fontFamily": "Roboto-Medium",
                "fontSize": 12,
                "textAlign": "center",
              }
            }
          >
            Friday
          </Text>
        </View>
        <View
          style={
            Object {
              "alignItems": "flex-end",
              "flex": 3,
              "flexDirection": "row",
              "justifyContent": "flex-end",
            }
          }
          testID="openHoursList"
        >
          <View>
            <Text
              adjustsFontSizeToFit={true}
              style={
                Object {
                  "fontFamily": "Roboto-Regular",
                  "fontSize": 12,
                }
              }
              testID="hoursListText"
            >
              10 AM - 1 PM
            </Text>
          </View>
        </View>
      </View>
      <View
        style={
          Object {
            "backgroundColor": "#EEEEEE",
            "height": 1,
            "width": "100%",
          }
        }
      />
    </View>
    <View
      onLayout={[Function]}
      style={null}
    >
      <View
        style={
          Object {
            "flexDirection": "row",
            "paddingVertical": 10,
          }
        }
        testID="scheduleRow"
      >
        <View
          style={
            Object {
              "alignItems": "center",
              "flex": 2,
              "flexDirection": "row",
            }
          }
        >
          <Text
            style={
              Object {
                "fontFamily": "Roboto-Medium",
                "fontSize": 12,
                "textAlign": "center",
              }
            }
          >
            Saturday
          </Text>
          <Text
            style={
              Object {
                "color": "#5BCB02",
                "fontFamily": "Roboto-Bold",
                "fontSize": 12,
                "marginLeft": 5,
                "textAlign": "center",
              }
            }
          >
            TODAY
          </Text>
        </View>
        <View
          style={
            Object {
              "alignItems": "flex-end",
              "flex": 3,
              "flexDirection": "row",
              "justifyContent": "flex-end",
            }
          }
          testID="openHoursList"
        >
          <View>
            <Text
              adjustsFontSizeToFit={true}
              style={
                Object {
                  "fontFamily": "Roboto-Regular",
                  "fontSize": 12,
                }
              }
              testID="hoursListText"
            >
              10 AM - 1 PM
            </Text>
          </View>
        </View>
      </View>
      <View
        style={
          Object {
            "backgroundColor": "#EEEEEE",
            "height": 1,
            "width": "100%",
          }
        }
      />
    </View>
    <View
      onLayout={[Function]}
      style={null}
    >
      <View
        style={
          Object {
            "flexDirection": "row",
            "paddingVertical": 10,
          }
        }
        testID="scheduleRow"
      >
        <View
          style={
            Object {
              "alignItems": "center",
              "flex": 2,
              "flexDirection": "row",
            }
          }
        >
          <Text
            style={
              Object {
                "fontFamily": "Roboto-Medium",
                "fontSize": 12,
                "textAlign": "center",
              }
            }
          >
            Sunday
          </Text>
        </View>
        <View
          style={
            Object {
              "alignItems": "flex-end",
              "flex": 3,
              "flexDirection": "row",
              "justifyContent": "flex-end",
            }
          }
          testID="openHoursList"
        >
          <View>
            <Text
              adjustsFontSizeToFit={true}
              style={
                Object {
                  "fontFamily": "Roboto-Regular",
                  "fontSize": 12,
                }
              }
              testID="hoursListText"
            >
              3 PM - 11 PM
            </Text>
          </View>
        </View>
      </View>
    </View>
    <View
      onLayout={[Function]}
    >
      <View
        style={
          Object {
            "backgroundColor": "#EEEEEE",
            "height": 1,
            "width": "100%",
          }
        }
      />
    </View>
  </View>
</RCTScrollView>
`;
